// Jest Snapshot v1, https://goo.gl/fbAQLP

exports[`MyComponent should render correctly in "debug" mode 1`] = `
<styled.div>
  <Rows />
</styled.div>
`;

exports[`Table container should render the container correctly 1`] = `
<styled.div>
  <Rows />
</styled.div>
`;

exports[`Table should render correctly 1`] = `
<styled.div>
  <Rows />
</styled.div>
`;
